Magic: P2, W: 3, H: 3, Max: 255
 10  20  30 
 40  50  60 
 70  80  90 
